// Jest Snapshot v1, https://goo.gl/fbAQLP

exports[`test.spec test 1`] = `"17042753-548e-5f12-9f7d-afdcb4c15a6e"`;
